"event_category","event_action","event_label","total_events","unique_events","event_value","avg_event_value","year","month","day"
"NAVIGATION","ANTI-FRAUD-REQUEST-DURING-SILENT-HOURS","","960","960","0","0.0","2022","05","17"
"NAVIGATION","ANTI-FRAUD-SUBMIT-REQUEST-VALIDATED","","332","332","0","0.0","2022","05","17"
